Traceback (most recent call last):
  File "/Users/johndoe/Projects/corpus_sieve/engine/src/corpussieve/cli/_runner.py", line 31, in handle_cli_action
    result = action_fn()
  File "/Users/johndoe/Projects/corpus_sieve/engine/src/corpussieve/cli/metadata_cmds.py", line 54, in _action
    project_dir.mkdir(parents=True, exist_ok=True)
    ~~~~~~~~~~~~~~~~~^^^^^^^^^^^^^^^^^^^^^^^^^^^^^
  File "/opt/homebrew/Caskroom/miniconda/base/lib/python3.13/pathlib/_local.py", line 722, in mkdir
    os.mkdir(self, mode)
    ~~~~~~~~^^^^^^^^^^^^
PermissionError: [Errno 1] Operation not permitted: '/tmp/fixproj'

During handling of the above exception, another exception occurred:

Traceback (most recent call last):
  File "/opt/homebrew/Caskroom/miniconda/base/lib/python3.13/pathlib/_local.py", line 722, in mkdir
    os.mkdir(self, mode)
    ~~~~~~~~^^^^^^^^^^^^
FileNotFoundError: [Errno 2] No such file or directory: '/tmp/fixproj/reports'

During handling of the above exception, another exception occurred:

Traceback (most recent call last):
  File "/Users/johndoe/Projects/corpus_sieve/engine/src/corpussieve/cli/_runner.py", line 69, in handle_cli_action
    log_dir.mkdir(parents=True, exist_ok=True)
    ~~~~~~~~~~~~~^^^^^^^^^^^^^^^^^^^^^^^^^^^^^
  File "/opt/homebrew/Caskroom/miniconda/base/lib/python3.13/pathlib/_local.py", line 726, in mkdir
    self.parent.mkdir(parents=True, exist_ok=True)
    ~~~~~~~~~~~~~~~~~^^^^^^^^^^^^^^^^^^^^^^^^^^^^^
  File "/opt/homebrew/Caskroom/miniconda/base/lib/python3.13/pathlib/_local.py", line 722, in mkdir
    os.mkdir(self, mode)
    ~~~~~~~~^^^^^^^^^^^^
PermissionError: [Errno 1] Operation not permitted: '/tmp/fixproj'
